edges
| test.cpp:16:25:16:42 | call to getenv indirection | test.cpp:20:14:20:20 | address indirection |
| test.cpp:27:25:27:42 | call to getenv indirection | test.cpp:31:14:31:20 | address indirection |
| test.cpp:38:25:38:42 | call to getenv indirection | test.cpp:42:14:42:20 | address indirection |
| test.cpp:49:25:49:42 | call to getenv indirection | test.cpp:52:14:52:20 | address indirection |
| test.cpp:49:25:49:42 | call to getenv indirection | test.cpp:56:14:56:20 | address indirection |
| test.cpp:49:25:49:42 | call to getenv indirection | test.cpp:60:14:60:20 | address indirection |
nodes
| test.cpp:16:25:16:42 | call to getenv indirection | semmle.label | call to getenv indirection |
| test.cpp:20:14:20:20 | address indirection | semmle.label | address indirection |
| test.cpp:27:25:27:42 | call to getenv indirection | semmle.label | call to getenv indirection |
| test.cpp:31:14:31:20 | address indirection | semmle.label | address indirection |
| test.cpp:38:25:38:42 | call to getenv indirection | semmle.label | call to getenv indirection |
| test.cpp:42:14:42:20 | address indirection | semmle.label | address indirection |
| test.cpp:49:25:49:42 | call to getenv indirection | semmle.label | call to getenv indirection |
| test.cpp:52:14:52:20 | address indirection | semmle.label | address indirection |
| test.cpp:56:14:56:20 | address indirection | semmle.label | address indirection |
| test.cpp:60:14:60:20 | address indirection | semmle.label | address indirection |
subpaths
#select
| test.cpp:20:7:20:12 | call to strcmp | test.cpp:16:25:16:42 | call to getenv indirection | test.cpp:20:14:20:20 | address indirection | Untrusted input $@ might be vulnerable to a spoofing attack. | test.cpp:16:25:16:42 | call to getenv indirection | an environment variable |
| test.cpp:31:7:31:12 | call to strcmp | test.cpp:27:25:27:42 | call to getenv indirection | test.cpp:31:14:31:20 | address indirection | Untrusted input $@ might be vulnerable to a spoofing attack. | test.cpp:27:25:27:42 | call to getenv indirection | an environment variable |
| test.cpp:42:7:42:12 | call to strcmp | test.cpp:38:25:38:42 | call to getenv indirection | test.cpp:42:14:42:20 | address indirection | Untrusted input $@ might be vulnerable to a spoofing attack. | test.cpp:38:25:38:42 | call to getenv indirection | an environment variable |
| test.cpp:52:7:52:12 | call to strcmp | test.cpp:49:25:49:42 | call to getenv indirection | test.cpp:52:14:52:20 | address indirection | Untrusted input $@ might be vulnerable to a spoofing attack. | test.cpp:49:25:49:42 | call to getenv indirection | an environment variable |
| test.cpp:56:7:56:12 | call to strcmp | test.cpp:49:25:49:42 | call to getenv indirection | test.cpp:56:14:56:20 | address indirection | Untrusted input $@ might be vulnerable to a spoofing attack. | test.cpp:49:25:49:42 | call to getenv indirection | an environment variable |
| test.cpp:60:7:60:12 | call to strcmp | test.cpp:49:25:49:42 | call to getenv indirection | test.cpp:60:14:60:20 | address indirection | Untrusted input $@ might be vulnerable to a spoofing attack. | test.cpp:49:25:49:42 | call to getenv indirection | an environment variable |
