edges
| Test.java:19:18:19:38 | getHostName(...) : String | Test.java:24:20:24:23 | temp |
| Test.java:19:18:19:38 | getHostName(...) : String | Test.java:27:21:27:24 | temp |
| Test.java:19:18:19:38 | getHostName(...) : String | Test.java:30:44:30:47 | temp |
| Test.java:19:18:19:38 | getHostName(...) : String | Test.java:34:21:34:24 | temp |
| Test.java:79:33:79:99 | new BufferedReader(...) : BufferedReader | Test.java:80:31:80:32 | br : BufferedReader |
| Test.java:79:52:79:98 | new InputStreamReader(...) : InputStreamReader | Test.java:79:33:79:99 | new BufferedReader(...) : BufferedReader |
| Test.java:79:74:79:97 | getInputStream(...) : ServletInputStream | Test.java:79:52:79:98 | new InputStreamReader(...) : InputStreamReader |
| Test.java:80:31:80:32 | br : BufferedReader | Test.java:80:31:80:43 | readLine(...) : String |
| Test.java:80:31:80:43 | readLine(...) : String | Test.java:82:67:82:81 | ... + ... |
| Test.java:88:17:88:37 | getHostName(...) : String | Test.java:90:26:90:29 | temp |
| Test.java:95:14:95:34 | getHostName(...) : String | Test.java:97:26:97:26 | t : String |
| Test.java:97:26:97:26 | t : String | Test.java:97:12:97:33 | new URI(...) |
| Test.java:97:26:97:26 | t : String | Test.java:98:23:98:23 | t : String |
| Test.java:98:23:98:23 | t : String | Test.java:98:12:98:33 | new URI(...) |
| Test.java:98:23:98:23 | t : String | Test.java:99:29:99:29 | t : String |
| Test.java:99:29:99:29 | t : String | Test.java:99:12:99:33 | new URI(...) |
| Test.java:99:29:99:29 | t : String | Test.java:100:32:100:32 | t : String |
| Test.java:100:32:100:32 | t : String | Test.java:100:12:100:45 | new URI(...) |
| Test.java:100:32:100:32 | t : String | Test.java:101:41:101:41 | t : String |
| Test.java:101:41:101:41 | t : String | Test.java:101:12:101:54 | new URI(...) |
| mad/Test.java:30:16:30:36 | getHostName(...) : String | mad/Test.java:35:61:35:68 | source(...) : String |
| mad/Test.java:30:16:30:36 | getHostName(...) : String | mad/Test.java:37:41:37:48 | source(...) : String |
| mad/Test.java:30:16:30:36 | getHostName(...) : String | mad/Test.java:39:56:39:63 | source(...) : String |
| mad/Test.java:30:16:30:36 | getHostName(...) : String | mad/Test.java:41:46:41:53 | source(...) : String |
| mad/Test.java:30:16:30:36 | getHostName(...) : String | mad/Test.java:43:38:43:45 | source(...) : String |
| mad/Test.java:30:16:30:36 | getHostName(...) : String | mad/Test.java:45:36:45:43 | source(...) : String |
| mad/Test.java:30:16:30:36 | getHostName(...) : String | mad/Test.java:47:31:47:38 | source(...) : String |
| mad/Test.java:30:16:30:36 | getHostName(...) : String | mad/Test.java:49:33:49:40 | source(...) : String |
| mad/Test.java:30:16:30:36 | getHostName(...) : String | mad/Test.java:51:27:51:34 | source(...) : String |
| mad/Test.java:30:16:30:36 | getHostName(...) : String | mad/Test.java:53:27:53:34 | source(...) : String |
| mad/Test.java:30:16:30:36 | getHostName(...) : String | mad/Test.java:55:40:55:47 | source(...) : String |
| mad/Test.java:30:16:30:36 | getHostName(...) : String | mad/Test.java:57:47:57:54 | source(...) : String |
| mad/Test.java:30:16:30:36 | getHostName(...) : String | mad/Test.java:59:40:59:47 | source(...) : String |
| mad/Test.java:30:16:30:36 | getHostName(...) : String | mad/Test.java:61:38:61:45 | source(...) : String |
| mad/Test.java:30:16:30:36 | getHostName(...) : String | mad/Test.java:63:33:63:40 | source(...) : String |
| mad/Test.java:30:16:30:36 | getHostName(...) : String | mad/Test.java:65:33:65:40 | source(...) : String |
| mad/Test.java:30:16:30:36 | getHostName(...) : String | mad/Test.java:67:41:67:48 | source(...) : String |
| mad/Test.java:30:16:30:36 | getHostName(...) : String | mad/Test.java:69:42:69:49 | source(...) : String |
| mad/Test.java:30:16:30:36 | getHostName(...) : String | mad/Test.java:71:37:71:44 | source(...) : String |
| mad/Test.java:30:16:30:36 | getHostName(...) : String | mad/Test.java:73:29:73:36 | source(...) : String |
| mad/Test.java:30:16:30:36 | getHostName(...) : String | mad/Test.java:75:37:75:44 | source(...) : String |
| mad/Test.java:30:16:30:36 | getHostName(...) : String | mad/Test.java:77:28:77:35 | source(...) : String |
| mad/Test.java:30:16:30:36 | getHostName(...) : String | mad/Test.java:79:33:79:40 | source(...) : String |
| mad/Test.java:30:16:30:36 | getHostName(...) : String | mad/Test.java:81:40:81:47 | source(...) : String |
| mad/Test.java:30:16:30:36 | getHostName(...) : String | mad/Test.java:83:40:83:47 | source(...) : String |
| mad/Test.java:30:16:30:36 | getHostName(...) : String | mad/Test.java:84:40:84:47 | source(...) : String |
| mad/Test.java:30:16:30:36 | getHostName(...) : String | mad/Test.java:86:38:86:45 | source(...) : String |
| mad/Test.java:30:16:30:36 | getHostName(...) : String | mad/Test.java:88:28:88:35 | source(...) : String |
| mad/Test.java:30:16:30:36 | getHostName(...) : String | mad/Test.java:89:28:89:35 | source(...) : String |
| mad/Test.java:30:16:30:36 | getHostName(...) : String | mad/Test.java:90:28:90:35 | source(...) : String |
| mad/Test.java:30:16:30:36 | getHostName(...) : String | mad/Test.java:92:34:92:41 | source(...) : String |
| mad/Test.java:30:16:30:36 | getHostName(...) : String | mad/Test.java:93:34:93:41 | source(...) : String |
| mad/Test.java:30:16:30:36 | getHostName(...) : String | mad/Test.java:95:33:95:40 | source(...) : String |
| mad/Test.java:30:16:30:36 | getHostName(...) : String | mad/Test.java:97:42:97:49 | source(...) : String |
| mad/Test.java:30:16:30:36 | getHostName(...) : String | mad/Test.java:99:50:99:57 | source(...) : String |
| mad/Test.java:30:16:30:36 | getHostName(...) : String | mad/Test.java:101:54:101:61 | source(...) : String |
| mad/Test.java:30:16:30:36 | getHostName(...) : String | mad/Test.java:103:50:103:57 | source(...) : String |
| mad/Test.java:30:16:30:36 | getHostName(...) : String | mad/Test.java:105:35:105:42 | source(...) : String |
| mad/Test.java:30:16:30:36 | getHostName(...) : String | mad/Test.java:107:48:107:55 | source(...) : String |
| mad/Test.java:30:16:30:36 | getHostName(...) : String | mad/Test.java:109:37:109:44 | source(...) : String |
| mad/Test.java:30:16:30:36 | getHostName(...) : String | mad/Test.java:111:35:111:42 | source(...) : String |
| mad/Test.java:30:16:30:36 | getHostName(...) : String | mad/Test.java:116:37:116:44 | source(...) : String |
| mad/Test.java:30:16:30:36 | getHostName(...) : String | mad/Test.java:118:74:118:81 | source(...) : String |
| mad/Test.java:30:16:30:36 | getHostName(...) : String | mad/Test.java:120:68:120:75 | source(...) : String |
| mad/Test.java:30:16:30:36 | getHostName(...) : String | mad/Test.java:122:68:122:75 | source(...) : String |
| mad/Test.java:30:16:30:36 | getHostName(...) : String | mad/Test.java:124:30:124:37 | source(...) : String |
| mad/Test.java:30:16:30:36 | getHostName(...) : String | mad/Test.java:129:30:129:37 | source(...) : String |
| mad/Test.java:30:16:30:36 | getHostName(...) : String | mad/Test.java:134:33:134:40 | source(...) : String |
| mad/Test.java:30:16:30:36 | getHostName(...) : String | mad/Test.java:136:27:136:34 | source(...) : String |
| mad/Test.java:30:16:30:36 | getHostName(...) : String | mad/Test.java:138:28:138:35 | source(...) : String |
| mad/Test.java:30:16:30:36 | getHostName(...) : String | mad/Test.java:140:29:140:36 | source(...) : String |
| mad/Test.java:30:16:30:36 | getHostName(...) : String | mad/Test.java:145:27:145:34 | source(...) : String |
| mad/Test.java:30:16:30:36 | getHostName(...) : String | mad/Test.java:147:26:147:33 | source(...) : String |
| mad/Test.java:30:16:30:36 | getHostName(...) : String | mad/Test.java:152:29:152:36 | source(...) : String |
| mad/Test.java:35:61:35:68 | source(...) : String | mad/Test.java:35:52:35:68 | (...)... |
| mad/Test.java:37:41:37:48 | source(...) : String | mad/Test.java:37:32:37:48 | (...)... |
| mad/Test.java:39:56:39:63 | source(...) : String | mad/Test.java:39:47:39:63 | (...)... |
| mad/Test.java:41:46:41:53 | source(...) : String | mad/Test.java:41:39:41:53 | (...)... |
| mad/Test.java:43:38:43:45 | source(...) : String | mad/Test.java:43:31:43:45 | (...)... |
| mad/Test.java:45:36:45:43 | source(...) : String | mad/Test.java:45:29:45:43 | (...)... |
| mad/Test.java:47:31:47:38 | source(...) : String | mad/Test.java:47:24:47:38 | (...)... |
| mad/Test.java:49:33:49:40 | source(...) : String | mad/Test.java:49:24:49:40 | (...)... |
| mad/Test.java:51:27:51:34 | source(...) : String | mad/Test.java:51:20:51:34 | (...)... |
| mad/Test.java:53:27:53:34 | source(...) : String | mad/Test.java:53:20:53:34 | (...)... |
| mad/Test.java:55:40:55:47 | source(...) : String | mad/Test.java:55:33:55:47 | (...)... |
| mad/Test.java:57:47:57:54 | source(...) : String | mad/Test.java:57:40:57:54 | (...)... |
| mad/Test.java:59:40:59:47 | source(...) : String | mad/Test.java:59:33:59:47 | (...)... |
| mad/Test.java:61:38:61:45 | source(...) : String | mad/Test.java:61:31:61:45 | (...)... |
| mad/Test.java:63:33:63:40 | source(...) : String | mad/Test.java:63:26:63:40 | (...)... |
| mad/Test.java:65:33:65:40 | source(...) : String | mad/Test.java:65:26:65:40 | (...)... |
| mad/Test.java:67:41:67:48 | source(...) : String | mad/Test.java:67:34:67:48 | (...)... |
| mad/Test.java:69:42:69:49 | source(...) : String | mad/Test.java:69:35:69:49 | (...)... |
| mad/Test.java:71:37:71:44 | source(...) : String | mad/Test.java:71:30:71:44 | (...)... |
| mad/Test.java:73:29:73:36 | source(...) : String | mad/Test.java:73:22:73:36 | (...)... |
| mad/Test.java:75:37:75:44 | source(...) : String | mad/Test.java:75:30:75:44 | (...)... |
| mad/Test.java:77:28:77:35 | source(...) : String | mad/Test.java:77:21:77:35 | (...)... |
| mad/Test.java:79:33:79:40 | source(...) : String | mad/Test.java:79:26:79:40 | (...)... |
| mad/Test.java:81:40:81:47 | source(...) : String | mad/Test.java:81:33:81:47 | (...)... |
| mad/Test.java:83:40:83:47 | source(...) : String | mad/Test.java:83:33:83:47 | (...)... |
| mad/Test.java:84:40:84:47 | source(...) : String | mad/Test.java:84:33:84:47 | (...)... |
| mad/Test.java:86:38:86:45 | source(...) : String | mad/Test.java:86:31:86:45 | (...)... |
| mad/Test.java:88:28:88:35 | source(...) : String | mad/Test.java:88:21:88:35 | (...)... |
| mad/Test.java:89:28:89:35 | source(...) : String | mad/Test.java:89:21:89:35 | (...)... |
| mad/Test.java:90:28:90:35 | source(...) : String | mad/Test.java:90:21:90:35 | (...)... |
| mad/Test.java:92:34:92:41 | source(...) : String | mad/Test.java:92:27:92:41 | (...)... |
| mad/Test.java:93:34:93:41 | source(...) : String | mad/Test.java:93:27:93:41 | (...)... |
| mad/Test.java:95:33:95:40 | source(...) : String | mad/Test.java:95:26:95:40 | (...)... |
| mad/Test.java:97:42:97:49 | source(...) : String | mad/Test.java:97:35:97:49 | (...)... |
| mad/Test.java:99:50:99:57 | source(...) : String | mad/Test.java:99:41:99:57 | (...)... |
| mad/Test.java:101:54:101:61 | source(...) : String | mad/Test.java:101:45:101:61 | (...)... |
| mad/Test.java:103:50:103:57 | source(...) : String | mad/Test.java:103:43:103:57 | (...)... |
| mad/Test.java:105:35:105:42 | source(...) : String | mad/Test.java:105:28:105:42 | (...)... |
| mad/Test.java:107:48:107:55 | source(...) : String | mad/Test.java:107:41:107:55 | (...)... |
| mad/Test.java:109:37:109:44 | source(...) : String | mad/Test.java:109:28:109:44 | (...)... |
| mad/Test.java:111:35:111:42 | source(...) : String | mad/Test.java:111:28:111:42 | (...)... |
| mad/Test.java:116:37:116:44 | source(...) : String | mad/Test.java:116:30:116:44 | (...)... |
| mad/Test.java:118:74:118:81 | source(...) : String | mad/Test.java:118:40:118:81 | (...)... |
| mad/Test.java:120:68:120:75 | source(...) : String | mad/Test.java:120:34:120:75 | (...)... |
| mad/Test.java:122:68:122:75 | source(...) : String | mad/Test.java:122:34:122:75 | (...)... |
| mad/Test.java:124:30:124:37 | source(...) : String | mad/Test.java:124:23:124:37 | (...)... |
| mad/Test.java:129:30:129:37 | source(...) : String | mad/Test.java:129:23:129:37 | (...)... |
| mad/Test.java:134:33:134:40 | source(...) : String | mad/Test.java:134:23:134:40 | (...)... |
| mad/Test.java:136:27:136:34 | source(...) : String | mad/Test.java:136:20:136:34 | (...)... |
| mad/Test.java:138:28:138:35 | source(...) : String | mad/Test.java:138:21:138:35 | (...)... |
| mad/Test.java:140:29:140:36 | source(...) : String | mad/Test.java:140:22:140:36 | (...)... |
| mad/Test.java:145:27:145:34 | source(...) : String | mad/Test.java:145:20:145:34 | (...)... |
| mad/Test.java:147:26:147:33 | source(...) : String | mad/Test.java:147:19:147:33 | (...)... |
| mad/Test.java:152:29:152:36 | source(...) : String | mad/Test.java:152:20:152:36 | (...)... |
nodes
| Test.java:19:18:19:38 | getHostName(...) : String | semmle.label | getHostName(...) : String |
| Test.java:24:20:24:23 | temp | semmle.label | temp |
| Test.java:27:21:27:24 | temp | semmle.label | temp |
| Test.java:30:44:30:47 | temp | semmle.label | temp |
| Test.java:34:21:34:24 | temp | semmle.label | temp |
| Test.java:79:33:79:99 | new BufferedReader(...) : BufferedReader | semmle.label | new BufferedReader(...) : BufferedReader |
| Test.java:79:52:79:98 | new InputStreamReader(...) : InputStreamReader | semmle.label | new InputStreamReader(...) : InputStreamReader |
| Test.java:79:74:79:97 | getInputStream(...) : ServletInputStream | semmle.label | getInputStream(...) : ServletInputStream |
| Test.java:80:31:80:32 | br : BufferedReader | semmle.label | br : BufferedReader |
| Test.java:80:31:80:43 | readLine(...) : String | semmle.label | readLine(...) : String |
| Test.java:82:67:82:81 | ... + ... | semmle.label | ... + ... |
| Test.java:88:17:88:37 | getHostName(...) : String | semmle.label | getHostName(...) : String |
| Test.java:90:26:90:29 | temp | semmle.label | temp |
| Test.java:95:14:95:34 | getHostName(...) : String | semmle.label | getHostName(...) : String |
| Test.java:97:12:97:33 | new URI(...) | semmle.label | new URI(...) |
| Test.java:97:26:97:26 | t : String | semmle.label | t : String |
| Test.java:98:12:98:33 | new URI(...) | semmle.label | new URI(...) |
| Test.java:98:23:98:23 | t : String | semmle.label | t : String |
| Test.java:99:12:99:33 | new URI(...) | semmle.label | new URI(...) |
| Test.java:99:29:99:29 | t : String | semmle.label | t : String |
| Test.java:100:12:100:45 | new URI(...) | semmle.label | new URI(...) |
| Test.java:100:32:100:32 | t : String | semmle.label | t : String |
| Test.java:101:12:101:54 | new URI(...) | semmle.label | new URI(...) |
| Test.java:101:41:101:41 | t : String | semmle.label | t : String |
| mad/Test.java:30:16:30:36 | getHostName(...) : String | semmle.label | getHostName(...) : String |
| mad/Test.java:35:52:35:68 | (...)... | semmle.label | (...)... |
| mad/Test.java:35:61:35:68 | source(...) : String | semmle.label | source(...) : String |
| mad/Test.java:37:32:37:48 | (...)... | semmle.label | (...)... |
| mad/Test.java:37:41:37:48 | source(...) : String | semmle.label | source(...) : String |
| mad/Test.java:39:47:39:63 | (...)... | semmle.label | (...)... |
| mad/Test.java:39:56:39:63 | source(...) : String | semmle.label | source(...) : String |
| mad/Test.java:41:39:41:53 | (...)... | semmle.label | (...)... |
| mad/Test.java:41:46:41:53 | source(...) : String | semmle.label | source(...) : String |
| mad/Test.java:43:31:43:45 | (...)... | semmle.label | (...)... |
| mad/Test.java:43:38:43:45 | source(...) : String | semmle.label | source(...) : String |
| mad/Test.java:45:29:45:43 | (...)... | semmle.label | (...)... |
| mad/Test.java:45:36:45:43 | source(...) : String | semmle.label | source(...) : String |
| mad/Test.java:47:24:47:38 | (...)... | semmle.label | (...)... |
| mad/Test.java:47:31:47:38 | source(...) : String | semmle.label | source(...) : String |
| mad/Test.java:49:24:49:40 | (...)... | semmle.label | (...)... |
| mad/Test.java:49:33:49:40 | source(...) : String | semmle.label | source(...) : String |
| mad/Test.java:51:20:51:34 | (...)... | semmle.label | (...)... |
| mad/Test.java:51:27:51:34 | source(...) : String | semmle.label | source(...) : String |
| mad/Test.java:53:20:53:34 | (...)... | semmle.label | (...)... |
| mad/Test.java:53:27:53:34 | source(...) : String | semmle.label | source(...) : String |
| mad/Test.java:55:33:55:47 | (...)... | semmle.label | (...)... |
| mad/Test.java:55:40:55:47 | source(...) : String | semmle.label | source(...) : String |
| mad/Test.java:57:40:57:54 | (...)... | semmle.label | (...)... |
| mad/Test.java:57:47:57:54 | source(...) : String | semmle.label | source(...) : String |
| mad/Test.java:59:33:59:47 | (...)... | semmle.label | (...)... |
| mad/Test.java:59:40:59:47 | source(...) : String | semmle.label | source(...) : String |
| mad/Test.java:61:31:61:45 | (...)... | semmle.label | (...)... |
| mad/Test.java:61:38:61:45 | source(...) : String | semmle.label | source(...) : String |
| mad/Test.java:63:26:63:40 | (...)... | semmle.label | (...)... |
| mad/Test.java:63:33:63:40 | source(...) : String | semmle.label | source(...) : String |
| mad/Test.java:65:26:65:40 | (...)... | semmle.label | (...)... |
| mad/Test.java:65:33:65:40 | source(...) : String | semmle.label | source(...) : String |
| mad/Test.java:67:34:67:48 | (...)... | semmle.label | (...)... |
| mad/Test.java:67:41:67:48 | source(...) : String | semmle.label | source(...) : String |
| mad/Test.java:69:35:69:49 | (...)... | semmle.label | (...)... |
| mad/Test.java:69:42:69:49 | source(...) : String | semmle.label | source(...) : String |
| mad/Test.java:71:30:71:44 | (...)... | semmle.label | (...)... |
| mad/Test.java:71:37:71:44 | source(...) : String | semmle.label | source(...) : String |
| mad/Test.java:73:22:73:36 | (...)... | semmle.label | (...)... |
| mad/Test.java:73:29:73:36 | source(...) : String | semmle.label | source(...) : String |
| mad/Test.java:75:30:75:44 | (...)... | semmle.label | (...)... |
| mad/Test.java:75:37:75:44 | source(...) : String | semmle.label | source(...) : String |
| mad/Test.java:77:21:77:35 | (...)... | semmle.label | (...)... |
| mad/Test.java:77:28:77:35 | source(...) : String | semmle.label | source(...) : String |
| mad/Test.java:79:26:79:40 | (...)... | semmle.label | (...)... |
| mad/Test.java:79:33:79:40 | source(...) : String | semmle.label | source(...) : String |
| mad/Test.java:81:33:81:47 | (...)... | semmle.label | (...)... |
| mad/Test.java:81:40:81:47 | source(...) : String | semmle.label | source(...) : String |
| mad/Test.java:83:33:83:47 | (...)... | semmle.label | (...)... |
| mad/Test.java:83:40:83:47 | source(...) : String | semmle.label | source(...) : String |
| mad/Test.java:84:33:84:47 | (...)... | semmle.label | (...)... |
| mad/Test.java:84:40:84:47 | source(...) : String | semmle.label | source(...) : String |
| mad/Test.java:86:31:86:45 | (...)... | semmle.label | (...)... |
| mad/Test.java:86:38:86:45 | source(...) : String | semmle.label | source(...) : String |
| mad/Test.java:88:21:88:35 | (...)... | semmle.label | (...)... |
| mad/Test.java:88:28:88:35 | source(...) : String | semmle.label | source(...) : String |
| mad/Test.java:89:21:89:35 | (...)... | semmle.label | (...)... |
| mad/Test.java:89:28:89:35 | source(...) : String | semmle.label | source(...) : String |
| mad/Test.java:90:21:90:35 | (...)... | semmle.label | (...)... |
| mad/Test.java:90:28:90:35 | source(...) : String | semmle.label | source(...) : String |
| mad/Test.java:92:27:92:41 | (...)... | semmle.label | (...)... |
| mad/Test.java:92:34:92:41 | source(...) : String | semmle.label | source(...) : String |
| mad/Test.java:93:27:93:41 | (...)... | semmle.label | (...)... |
| mad/Test.java:93:34:93:41 | source(...) : String | semmle.label | source(...) : String |
| mad/Test.java:95:26:95:40 | (...)... | semmle.label | (...)... |
| mad/Test.java:95:33:95:40 | source(...) : String | semmle.label | source(...) : String |
| mad/Test.java:97:35:97:49 | (...)... | semmle.label | (...)... |
| mad/Test.java:97:42:97:49 | source(...) : String | semmle.label | source(...) : String |
| mad/Test.java:99:41:99:57 | (...)... | semmle.label | (...)... |
| mad/Test.java:99:50:99:57 | source(...) : String | semmle.label | source(...) : String |
| mad/Test.java:101:45:101:61 | (...)... | semmle.label | (...)... |
| mad/Test.java:101:54:101:61 | source(...) : String | semmle.label | source(...) : String |
| mad/Test.java:103:43:103:57 | (...)... | semmle.label | (...)... |
| mad/Test.java:103:50:103:57 | source(...) : String | semmle.label | source(...) : String |
| mad/Test.java:105:28:105:42 | (...)... | semmle.label | (...)... |
| mad/Test.java:105:35:105:42 | source(...) : String | semmle.label | source(...) : String |
| mad/Test.java:107:41:107:55 | (...)... | semmle.label | (...)... |
| mad/Test.java:107:48:107:55 | source(...) : String | semmle.label | source(...) : String |
| mad/Test.java:109:28:109:44 | (...)... | semmle.label | (...)... |
| mad/Test.java:109:37:109:44 | source(...) : String | semmle.label | source(...) : String |
| mad/Test.java:111:28:111:42 | (...)... | semmle.label | (...)... |
| mad/Test.java:111:35:111:42 | source(...) : String | semmle.label | source(...) : String |
| mad/Test.java:116:30:116:44 | (...)... | semmle.label | (...)... |
| mad/Test.java:116:37:116:44 | source(...) : String | semmle.label | source(...) : String |
| mad/Test.java:118:40:118:81 | (...)... | semmle.label | (...)... |
| mad/Test.java:118:74:118:81 | source(...) : String | semmle.label | source(...) : String |
| mad/Test.java:120:34:120:75 | (...)... | semmle.label | (...)... |
| mad/Test.java:120:68:120:75 | source(...) : String | semmle.label | source(...) : String |
| mad/Test.java:122:34:122:75 | (...)... | semmle.label | (...)... |
| mad/Test.java:122:68:122:75 | source(...) : String | semmle.label | source(...) : String |
| mad/Test.java:124:23:124:37 | (...)... | semmle.label | (...)... |
| mad/Test.java:124:30:124:37 | source(...) : String | semmle.label | source(...) : String |
| mad/Test.java:129:23:129:37 | (...)... | semmle.label | (...)... |
| mad/Test.java:129:30:129:37 | source(...) : String | semmle.label | source(...) : String |
| mad/Test.java:134:23:134:40 | (...)... | semmle.label | (...)... |
| mad/Test.java:134:33:134:40 | source(...) : String | semmle.label | source(...) : String |
| mad/Test.java:136:20:136:34 | (...)... | semmle.label | (...)... |
| mad/Test.java:136:27:136:34 | source(...) : String | semmle.label | source(...) : String |
| mad/Test.java:138:21:138:35 | (...)... | semmle.label | (...)... |
| mad/Test.java:138:28:138:35 | source(...) : String | semmle.label | source(...) : String |
| mad/Test.java:140:22:140:36 | (...)... | semmle.label | (...)... |
| mad/Test.java:140:29:140:36 | source(...) : String | semmle.label | source(...) : String |
| mad/Test.java:145:20:145:34 | (...)... | semmle.label | (...)... |
| mad/Test.java:145:27:145:34 | source(...) : String | semmle.label | source(...) : String |
| mad/Test.java:147:19:147:33 | (...)... | semmle.label | (...)... |
| mad/Test.java:147:26:147:33 | source(...) : String | semmle.label | source(...) : String |
| mad/Test.java:152:20:152:36 | (...)... | semmle.label | (...)... |
| mad/Test.java:152:29:152:36 | source(...) : String | semmle.label | source(...) : String |
subpaths
#select
| Test.java:24:11:24:24 | new File(...) | Test.java:19:18:19:38 | getHostName(...) : String | Test.java:24:20:24:23 | temp | This path depends on a $@. | Test.java:19:18:19:38 | getHostName(...) | user-provided value |
| Test.java:27:11:27:25 | get(...) | Test.java:19:18:19:38 | getHostName(...) : String | Test.java:27:21:27:24 | temp | This path depends on a $@. | Test.java:19:18:19:38 | getHostName(...) | user-provided value |
| Test.java:30:11:30:48 | getPath(...) | Test.java:19:18:19:38 | getHostName(...) : String | Test.java:30:44:30:47 | temp | This path depends on a $@. | Test.java:19:18:19:38 | getHostName(...) | user-provided value |
| Test.java:34:12:34:25 | new File(...) | Test.java:19:18:19:38 | getHostName(...) : String | Test.java:34:21:34:24 | temp | This path depends on a $@. | Test.java:19:18:19:38 | getHostName(...) | user-provided value |
| Test.java:82:52:82:88 | new FileWriter(...) | Test.java:79:74:79:97 | getInputStream(...) : ServletInputStream | Test.java:82:67:82:81 | ... + ... | This path depends on a $@. | Test.java:79:74:79:97 | getInputStream(...) | user-provided value |
| Test.java:90:26:90:29 | temp | Test.java:88:17:88:37 | getHostName(...) : String | Test.java:90:26:90:29 | temp | This path depends on a $@. | Test.java:88:17:88:37 | getHostName(...) | user-provided value |
| Test.java:97:3:97:34 | new File(...) | Test.java:95:14:95:34 | getHostName(...) : String | Test.java:97:12:97:33 | new URI(...) | This path depends on a $@. | Test.java:95:14:95:34 | getHostName(...) | user-provided value |
| Test.java:98:3:98:34 | new File(...) | Test.java:95:14:95:34 | getHostName(...) : String | Test.java:98:12:98:33 | new URI(...) | This path depends on a $@. | Test.java:95:14:95:34 | getHostName(...) | user-provided value |
| Test.java:99:3:99:34 | new File(...) | Test.java:95:14:95:34 | getHostName(...) : String | Test.java:99:12:99:33 | new URI(...) | This path depends on a $@. | Test.java:95:14:95:34 | getHostName(...) | user-provided value |
| Test.java:100:3:100:46 | new File(...) | Test.java:95:14:95:34 | getHostName(...) : String | Test.java:100:12:100:45 | new URI(...) | This path depends on a $@. | Test.java:95:14:95:34 | getHostName(...) | user-provided value |
| Test.java:101:3:101:55 | new File(...) | Test.java:95:14:95:34 | getHostName(...) : String | Test.java:101:12:101:54 | new URI(...) | This path depends on a $@. | Test.java:95:14:95:34 | getHostName(...) | user-provided value |
| mad/Test.java:35:52:35:68 | (...)... | mad/Test.java:30:16:30:36 | getHostName(...) : String | mad/Test.java:35:52:35:68 | (...)... | This path depends on a $@. | mad/Test.java:30:16:30:36 | getHostName(...) | user-provided value |
| mad/Test.java:37:32:37:48 | (...)... | mad/Test.java:30:16:30:36 | getHostName(...) : String | mad/Test.java:37:32:37:48 | (...)... | This path depends on a $@. | mad/Test.java:30:16:30:36 | getHostName(...) | user-provided value |
| mad/Test.java:39:47:39:63 | (...)... | mad/Test.java:30:16:30:36 | getHostName(...) : String | mad/Test.java:39:47:39:63 | (...)... | This path depends on a $@. | mad/Test.java:30:16:30:36 | getHostName(...) | user-provided value |
| mad/Test.java:41:39:41:53 | (...)... | mad/Test.java:30:16:30:36 | getHostName(...) : String | mad/Test.java:41:39:41:53 | (...)... | This path depends on a $@. | mad/Test.java:30:16:30:36 | getHostName(...) | user-provided value |
| mad/Test.java:43:31:43:45 | (...)... | mad/Test.java:30:16:30:36 | getHostName(...) : String | mad/Test.java:43:31:43:45 | (...)... | This path depends on a $@. | mad/Test.java:30:16:30:36 | getHostName(...) | user-provided value |
| mad/Test.java:45:29:45:43 | (...)... | mad/Test.java:30:16:30:36 | getHostName(...) : String | mad/Test.java:45:29:45:43 | (...)... | This path depends on a $@. | mad/Test.java:30:16:30:36 | getHostName(...) | user-provided value |
| mad/Test.java:47:24:47:38 | (...)... | mad/Test.java:30:16:30:36 | getHostName(...) : String | mad/Test.java:47:24:47:38 | (...)... | This path depends on a $@. | mad/Test.java:30:16:30:36 | getHostName(...) | user-provided value |
| mad/Test.java:49:9:49:41 | new FileReader(...) | mad/Test.java:30:16:30:36 | getHostName(...) : String | mad/Test.java:49:24:49:40 | (...)... | This path depends on a $@. | mad/Test.java:30:16:30:36 | getHostName(...) | user-provided value |
| mad/Test.java:51:20:51:34 | (...)... | mad/Test.java:30:16:30:36 | getHostName(...) : String | mad/Test.java:51:20:51:34 | (...)... | This path depends on a $@. | mad/Test.java:30:16:30:36 | getHostName(...) | user-provided value |
| mad/Test.java:53:20:53:34 | (...)... | mad/Test.java:30:16:30:36 | getHostName(...) : String | mad/Test.java:53:20:53:34 | (...)... | This path depends on a $@. | mad/Test.java:30:16:30:36 | getHostName(...) | user-provided value |
| mad/Test.java:55:33:55:47 | (...)... | mad/Test.java:30:16:30:36 | getHostName(...) : String | mad/Test.java:55:33:55:47 | (...)... | This path depends on a $@. | mad/Test.java:30:16:30:36 | getHostName(...) | user-provided value |
| mad/Test.java:57:40:57:54 | (...)... | mad/Test.java:30:16:30:36 | getHostName(...) : String | mad/Test.java:57:40:57:54 | (...)... | This path depends on a $@. | mad/Test.java:30:16:30:36 | getHostName(...) | user-provided value |
| mad/Test.java:59:33:59:47 | (...)... | mad/Test.java:30:16:30:36 | getHostName(...) : String | mad/Test.java:59:33:59:47 | (...)... | This path depends on a $@. | mad/Test.java:30:16:30:36 | getHostName(...) | user-provided value |
| mad/Test.java:61:31:61:45 | (...)... | mad/Test.java:30:16:30:36 | getHostName(...) : String | mad/Test.java:61:31:61:45 | (...)... | This path depends on a $@. | mad/Test.java:30:16:30:36 | getHostName(...) | user-provided value |
| mad/Test.java:63:26:63:40 | (...)... | mad/Test.java:30:16:30:36 | getHostName(...) : String | mad/Test.java:63:26:63:40 | (...)... | This path depends on a $@. | mad/Test.java:30:16:30:36 | getHostName(...) | user-provided value |
| mad/Test.java:65:26:65:40 | (...)... | mad/Test.java:30:16:30:36 | getHostName(...) : String | mad/Test.java:65:26:65:40 | (...)... | This path depends on a $@. | mad/Test.java:30:16:30:36 | getHostName(...) | user-provided value |
| mad/Test.java:67:34:67:48 | (...)... | mad/Test.java:30:16:30:36 | getHostName(...) : String | mad/Test.java:67:34:67:48 | (...)... | This path depends on a $@. | mad/Test.java:30:16:30:36 | getHostName(...) | user-provided value |
| mad/Test.java:69:35:69:49 | (...)... | mad/Test.java:30:16:30:36 | getHostName(...) : String | mad/Test.java:69:35:69:49 | (...)... | This path depends on a $@. | mad/Test.java:30:16:30:36 | getHostName(...) | user-provided value |
| mad/Test.java:71:30:71:44 | (...)... | mad/Test.java:30:16:30:36 | getHostName(...) : String | mad/Test.java:71:30:71:44 | (...)... | This path depends on a $@. | mad/Test.java:30:16:30:36 | getHostName(...) | user-provided value |
| mad/Test.java:73:22:73:36 | (...)... | mad/Test.java:30:16:30:36 | getHostName(...) : String | mad/Test.java:73:22:73:36 | (...)... | This path depends on a $@. | mad/Test.java:30:16:30:36 | getHostName(...) | user-provided value |
| mad/Test.java:75:30:75:44 | (...)... | mad/Test.java:30:16:30:36 | getHostName(...) : String | mad/Test.java:75:30:75:44 | (...)... | This path depends on a $@. | mad/Test.java:30:16:30:36 | getHostName(...) | user-provided value |
| mad/Test.java:77:21:77:35 | (...)... | mad/Test.java:30:16:30:36 | getHostName(...) : String | mad/Test.java:77:21:77:35 | (...)... | This path depends on a $@. | mad/Test.java:30:16:30:36 | getHostName(...) | user-provided value |
| mad/Test.java:79:26:79:40 | (...)... | mad/Test.java:30:16:30:36 | getHostName(...) : String | mad/Test.java:79:26:79:40 | (...)... | This path depends on a $@. | mad/Test.java:30:16:30:36 | getHostName(...) | user-provided value |
| mad/Test.java:81:33:81:47 | (...)... | mad/Test.java:30:16:30:36 | getHostName(...) : String | mad/Test.java:81:33:81:47 | (...)... | This path depends on a $@. | mad/Test.java:30:16:30:36 | getHostName(...) | user-provided value |
| mad/Test.java:83:33:83:47 | (...)... | mad/Test.java:30:16:30:36 | getHostName(...) : String | mad/Test.java:83:33:83:47 | (...)... | This path depends on a $@. | mad/Test.java:30:16:30:36 | getHostName(...) | user-provided value |
| mad/Test.java:84:33:84:47 | (...)... | mad/Test.java:30:16:30:36 | getHostName(...) : String | mad/Test.java:84:33:84:47 | (...)... | This path depends on a $@. | mad/Test.java:30:16:30:36 | getHostName(...) | user-provided value |
| mad/Test.java:86:31:86:45 | (...)... | mad/Test.java:30:16:30:36 | getHostName(...) : String | mad/Test.java:86:31:86:45 | (...)... | This path depends on a $@. | mad/Test.java:30:16:30:36 | getHostName(...) | user-provided value |
| mad/Test.java:88:21:88:35 | (...)... | mad/Test.java:30:16:30:36 | getHostName(...) : String | mad/Test.java:88:21:88:35 | (...)... | This path depends on a $@. | mad/Test.java:30:16:30:36 | getHostName(...) | user-provided value |
| mad/Test.java:89:21:89:35 | (...)... | mad/Test.java:30:16:30:36 | getHostName(...) : String | mad/Test.java:89:21:89:35 | (...)... | This path depends on a $@. | mad/Test.java:30:16:30:36 | getHostName(...) | user-provided value |
| mad/Test.java:90:21:90:35 | (...)... | mad/Test.java:30:16:30:36 | getHostName(...) : String | mad/Test.java:90:21:90:35 | (...)... | This path depends on a $@. | mad/Test.java:30:16:30:36 | getHostName(...) | user-provided value |
| mad/Test.java:92:27:92:41 | (...)... | mad/Test.java:30:16:30:36 | getHostName(...) : String | mad/Test.java:92:27:92:41 | (...)... | This path depends on a $@. | mad/Test.java:30:16:30:36 | getHostName(...) | user-provided value |
| mad/Test.java:93:27:93:41 | (...)... | mad/Test.java:30:16:30:36 | getHostName(...) : String | mad/Test.java:93:27:93:41 | (...)... | This path depends on a $@. | mad/Test.java:30:16:30:36 | getHostName(...) | user-provided value |
| mad/Test.java:95:26:95:40 | (...)... | mad/Test.java:30:16:30:36 | getHostName(...) : String | mad/Test.java:95:26:95:40 | (...)... | This path depends on a $@. | mad/Test.java:30:16:30:36 | getHostName(...) | user-provided value |
| mad/Test.java:97:35:97:49 | (...)... | mad/Test.java:30:16:30:36 | getHostName(...) : String | mad/Test.java:97:35:97:49 | (...)... | This path depends on a $@. | mad/Test.java:30:16:30:36 | getHostName(...) | user-provided value |
| mad/Test.java:99:41:99:57 | (...)... | mad/Test.java:30:16:30:36 | getHostName(...) : String | mad/Test.java:99:41:99:57 | (...)... | This path depends on a $@. | mad/Test.java:30:16:30:36 | getHostName(...) | user-provided value |
| mad/Test.java:101:45:101:61 | (...)... | mad/Test.java:30:16:30:36 | getHostName(...) : String | mad/Test.java:101:45:101:61 | (...)... | This path depends on a $@. | mad/Test.java:30:16:30:36 | getHostName(...) | user-provided value |
| mad/Test.java:103:43:103:57 | (...)... | mad/Test.java:30:16:30:36 | getHostName(...) : String | mad/Test.java:103:43:103:57 | (...)... | This path depends on a $@. | mad/Test.java:30:16:30:36 | getHostName(...) | user-provided value |
| mad/Test.java:105:28:105:42 | (...)... | mad/Test.java:30:16:30:36 | getHostName(...) : String | mad/Test.java:105:28:105:42 | (...)... | This path depends on a $@. | mad/Test.java:30:16:30:36 | getHostName(...) | user-provided value |
| mad/Test.java:107:41:107:55 | (...)... | mad/Test.java:30:16:30:36 | getHostName(...) : String | mad/Test.java:107:41:107:55 | (...)... | This path depends on a $@. | mad/Test.java:30:16:30:36 | getHostName(...) | user-provided value |
| mad/Test.java:109:28:109:44 | (...)... | mad/Test.java:30:16:30:36 | getHostName(...) : String | mad/Test.java:109:28:109:44 | (...)... | This path depends on a $@. | mad/Test.java:30:16:30:36 | getHostName(...) | user-provided value |
| mad/Test.java:111:28:111:42 | (...)... | mad/Test.java:30:16:30:36 | getHostName(...) : String | mad/Test.java:111:28:111:42 | (...)... | This path depends on a $@. | mad/Test.java:30:16:30:36 | getHostName(...) | user-provided value |
| mad/Test.java:116:30:116:44 | (...)... | mad/Test.java:30:16:30:36 | getHostName(...) : String | mad/Test.java:116:30:116:44 | (...)... | This path depends on a $@. | mad/Test.java:30:16:30:36 | getHostName(...) | user-provided value |
| mad/Test.java:118:40:118:81 | (...)... | mad/Test.java:30:16:30:36 | getHostName(...) : String | mad/Test.java:118:40:118:81 | (...)... | This path depends on a $@. | mad/Test.java:30:16:30:36 | getHostName(...) | user-provided value |
| mad/Test.java:120:34:120:75 | (...)... | mad/Test.java:30:16:30:36 | getHostName(...) : String | mad/Test.java:120:34:120:75 | (...)... | This path depends on a $@. | mad/Test.java:30:16:30:36 | getHostName(...) | user-provided value |
| mad/Test.java:122:34:122:75 | (...)... | mad/Test.java:30:16:30:36 | getHostName(...) : String | mad/Test.java:122:34:122:75 | (...)... | This path depends on a $@. | mad/Test.java:30:16:30:36 | getHostName(...) | user-provided value |
| mad/Test.java:124:23:124:37 | (...)... | mad/Test.java:30:16:30:36 | getHostName(...) : String | mad/Test.java:124:23:124:37 | (...)... | This path depends on a $@. | mad/Test.java:30:16:30:36 | getHostName(...) | user-provided value |
| mad/Test.java:129:23:129:37 | (...)... | mad/Test.java:30:16:30:36 | getHostName(...) : String | mad/Test.java:129:23:129:37 | (...)... | This path depends on a $@. | mad/Test.java:30:16:30:36 | getHostName(...) | user-provided value |
| mad/Test.java:134:23:134:40 | (...)... | mad/Test.java:30:16:30:36 | getHostName(...) : String | mad/Test.java:134:23:134:40 | (...)... | This path depends on a $@. | mad/Test.java:30:16:30:36 | getHostName(...) | user-provided value |
| mad/Test.java:136:20:136:34 | (...)... | mad/Test.java:30:16:30:36 | getHostName(...) : String | mad/Test.java:136:20:136:34 | (...)... | This path depends on a $@. | mad/Test.java:30:16:30:36 | getHostName(...) | user-provided value |
| mad/Test.java:138:21:138:35 | (...)... | mad/Test.java:30:16:30:36 | getHostName(...) : String | mad/Test.java:138:21:138:35 | (...)... | This path depends on a $@. | mad/Test.java:30:16:30:36 | getHostName(...) | user-provided value |
| mad/Test.java:140:22:140:36 | (...)... | mad/Test.java:30:16:30:36 | getHostName(...) : String | mad/Test.java:140:22:140:36 | (...)... | This path depends on a $@. | mad/Test.java:30:16:30:36 | getHostName(...) | user-provided value |
| mad/Test.java:145:20:145:34 | (...)... | mad/Test.java:30:16:30:36 | getHostName(...) : String | mad/Test.java:145:20:145:34 | (...)... | This path depends on a $@. | mad/Test.java:30:16:30:36 | getHostName(...) | user-provided value |
| mad/Test.java:147:19:147:33 | (...)... | mad/Test.java:30:16:30:36 | getHostName(...) : String | mad/Test.java:147:19:147:33 | (...)... | This path depends on a $@. | mad/Test.java:30:16:30:36 | getHostName(...) | user-provided value |
| mad/Test.java:152:20:152:36 | (...)... | mad/Test.java:30:16:30:36 | getHostName(...) : String | mad/Test.java:152:20:152:36 | (...)... | This path depends on a $@. | mad/Test.java:30:16:30:36 | getHostName(...) | user-provided value |
