edges
| funcsLocal.c:16:8:16:9 | fread output argument | funcsLocal.c:17:9:17:10 | i1 indirection |
| funcsLocal.c:16:8:16:9 | fread output argument | funcsLocal.c:58:9:58:10 | e1 indirection |
| funcsLocal.c:26:8:26:9 | fgets output argument | funcsLocal.c:27:9:27:10 | i3 indirection |
| funcsLocal.c:31:13:31:17 | call to fgets indirection | funcsLocal.c:32:9:32:10 | i4 indirection |
| funcsLocal.c:36:7:36:8 | gets output argument | funcsLocal.c:37:9:37:10 | i5 indirection |
| funcsLocal.c:41:13:41:16 | call to gets indirection | funcsLocal.c:42:9:42:10 | i6 indirection |
| funcsLocal.c:46:7:46:9 | gets output argument | funcsLocal.c:47:9:47:11 | * ... indirection |
| funcsLocal.c:52:8:52:11 | call to gets indirection | funcsLocal.c:53:9:53:11 | * ... indirection |
nodes
| funcsLocal.c:16:8:16:9 | fread output argument | semmle.label | fread output argument |
| funcsLocal.c:17:9:17:10 | i1 indirection | semmle.label | i1 indirection |
| funcsLocal.c:26:8:26:9 | fgets output argument | semmle.label | fgets output argument |
| funcsLocal.c:27:9:27:10 | i3 indirection | semmle.label | i3 indirection |
| funcsLocal.c:31:13:31:17 | call to fgets indirection | semmle.label | call to fgets indirection |
| funcsLocal.c:32:9:32:10 | i4 indirection | semmle.label | i4 indirection |
| funcsLocal.c:36:7:36:8 | gets output argument | semmle.label | gets output argument |
| funcsLocal.c:37:9:37:10 | i5 indirection | semmle.label | i5 indirection |
| funcsLocal.c:41:13:41:16 | call to gets indirection | semmle.label | call to gets indirection |
| funcsLocal.c:42:9:42:10 | i6 indirection | semmle.label | i6 indirection |
| funcsLocal.c:46:7:46:9 | gets output argument | semmle.label | gets output argument |
| funcsLocal.c:47:9:47:11 | * ... indirection | semmle.label | * ... indirection |
| funcsLocal.c:52:8:52:11 | call to gets indirection | semmle.label | call to gets indirection |
| funcsLocal.c:53:9:53:11 | * ... indirection | semmle.label | * ... indirection |
| funcsLocal.c:58:9:58:10 | e1 indirection | semmle.label | e1 indirection |
subpaths
#select
| funcsLocal.c:17:9:17:10 | i1 indirection | funcsLocal.c:16:8:16:9 | fread output argument | funcsLocal.c:17:9:17:10 | i1 indirection | The value of this argument may come from $@ and is being used as a formatting argument to printf(format). | funcsLocal.c:16:8:16:9 | fread output argument | string read by fread |
| funcsLocal.c:27:9:27:10 | i3 indirection | funcsLocal.c:26:8:26:9 | fgets output argument | funcsLocal.c:27:9:27:10 | i3 indirection | The value of this argument may come from $@ and is being used as a formatting argument to printf(format). | funcsLocal.c:26:8:26:9 | fgets output argument | string read by fgets |
| funcsLocal.c:32:9:32:10 | i4 indirection | funcsLocal.c:31:13:31:17 | call to fgets indirection | funcsLocal.c:32:9:32:10 | i4 indirection | The value of this argument may come from $@ and is being used as a formatting argument to printf(format). | funcsLocal.c:31:13:31:17 | call to fgets indirection | string read by fgets |
| funcsLocal.c:37:9:37:10 | i5 indirection | funcsLocal.c:36:7:36:8 | gets output argument | funcsLocal.c:37:9:37:10 | i5 indirection | The value of this argument may come from $@ and is being used as a formatting argument to printf(format). | funcsLocal.c:36:7:36:8 | gets output argument | string read by gets |
| funcsLocal.c:42:9:42:10 | i6 indirection | funcsLocal.c:41:13:41:16 | call to gets indirection | funcsLocal.c:42:9:42:10 | i6 indirection | The value of this argument may come from $@ and is being used as a formatting argument to printf(format). | funcsLocal.c:41:13:41:16 | call to gets indirection | string read by gets |
| funcsLocal.c:47:9:47:11 | * ... indirection | funcsLocal.c:46:7:46:9 | gets output argument | funcsLocal.c:47:9:47:11 | * ... indirection | The value of this argument may come from $@ and is being used as a formatting argument to printf(format). | funcsLocal.c:46:7:46:9 | gets output argument | string read by gets |
| funcsLocal.c:53:9:53:11 | * ... indirection | funcsLocal.c:52:8:52:11 | call to gets indirection | funcsLocal.c:53:9:53:11 | * ... indirection | The value of this argument may come from $@ and is being used as a formatting argument to printf(format). | funcsLocal.c:52:8:52:11 | call to gets indirection | string read by gets |
| funcsLocal.c:58:9:58:10 | e1 indirection | funcsLocal.c:16:8:16:9 | fread output argument | funcsLocal.c:58:9:58:10 | e1 indirection | The value of this argument may come from $@ and is being used as a formatting argument to printf(format). | funcsLocal.c:16:8:16:9 | fread output argument | string read by fread |
