| WebCacheDeceptionBad.go:82:18:82:31 | "/adminusers/" | Wildcard Endpoint used with "/adminusers/" and 'cache-control' Header is used |