| test.py:41:1:41:33 | GSSA Variable NONSOURCE | test.py:42:10:42:18 | ControlFlowNode for NONSOURCE |
| test.py:41:1:41:33 | GSSA Variable SINK | test.py:44:5:44:8 | ControlFlowNode for SINK |
| test.py:41:1:41:33 | GSSA Variable SOURCE | test.py:42:21:42:26 | ControlFlowNode for SOURCE |
| test.py:42:5:42:5 | SSA variable x | test.py:43:9:43:9 | ControlFlowNode for x |
| test.py:42:10:42:26 | ControlFlowNode for Tuple | test.py:42:5:42:5 | SSA variable x |
| test.py:43:5:43:5 | SSA variable y | test.py:44:10:44:10 | ControlFlowNode for y |
| test.py:43:9:43:12 | ControlFlowNode for Subscript | test.py:43:5:43:5 | SSA variable y |
| test.py:208:1:208:53 | GSSA Variable SINK | test.py:210:5:210:8 | ControlFlowNode for SINK |
| test.py:208:1:208:53 | GSSA Variable SOURCE | test.py:209:25:209:30 | ControlFlowNode for SOURCE |
| test.py:209:5:209:5 | SSA variable x | test.py:210:10:210:10 | ControlFlowNode for x |
| test.py:209:9:209:68 | ControlFlowNode for .0 | test.py:209:9:209:68 | SSA variable .0 |
| test.py:209:9:209:68 | ControlFlowNode for ListComp | test.py:209:5:209:5 | SSA variable x |
| test.py:209:9:209:68 | SSA variable .0 | test.py:209:9:209:68 | ControlFlowNode for .0 |
| test.py:209:16:209:16 | SSA variable v | test.py:209:45:209:45 | ControlFlowNode for v |
| test.py:209:40:209:40 | SSA variable u | test.py:209:56:209:56 | ControlFlowNode for u |
| test.py:209:51:209:51 | SSA variable z | test.py:209:67:209:67 | ControlFlowNode for z |
| test.py:209:62:209:62 | SSA variable y | test.py:209:10:209:10 | ControlFlowNode for y |
