edges
| TimingAttackAgainstSensitiveInfo.py:7:19:7:25 | ControlFlowNode for ImportMember | TimingAttackAgainstSensitiveInfo.py:7:19:7:25 | GSSA Variable request |
| TimingAttackAgainstSensitiveInfo.py:7:19:7:25 | GSSA Variable request | TimingAttackAgainstSensitiveInfo.py:14:8:14:14 | ControlFlowNode for request |
| TimingAttackAgainstSensitiveInfo.py:7:19:7:25 | GSSA Variable request | TimingAttackAgainstSensitiveInfo.py:15:20:15:26 | ControlFlowNode for request |
| TimingAttackAgainstSensitiveInfo.py:7:19:7:25 | GSSA Variable request | TimingAttackAgainstSensitiveInfo.py:20:8:20:14 | ControlFlowNode for request |
| TimingAttackAgainstSensitiveInfo.py:7:19:7:25 | GSSA Variable request | TimingAttackAgainstSensitiveInfo.py:21:20:21:26 | ControlFlowNode for request |
| TimingAttackAgainstSensitiveInfo.py:14:8:14:14 | ControlFlowNode for request | TimingAttackAgainstSensitiveInfo.py:15:9:15:16 | SSA variable password |
| TimingAttackAgainstSensitiveInfo.py:15:9:15:16 | SSA variable password | TimingAttackAgainstSensitiveInfo.py:16:16:16:23 | ControlFlowNode for password |
| TimingAttackAgainstSensitiveInfo.py:15:20:15:26 | ControlFlowNode for request | TimingAttackAgainstSensitiveInfo.py:15:9:15:16 | SSA variable password |
| TimingAttackAgainstSensitiveInfo.py:20:8:20:14 | ControlFlowNode for request | TimingAttackAgainstSensitiveInfo.py:21:9:21:16 | SSA variable password |
| TimingAttackAgainstSensitiveInfo.py:21:9:21:16 | SSA variable password | TimingAttackAgainstSensitiveInfo.py:22:38:22:45 | ControlFlowNode for password |
| TimingAttackAgainstSensitiveInfo.py:21:20:21:26 | ControlFlowNode for request | TimingAttackAgainstSensitiveInfo.py:21:9:21:16 | SSA variable password |
nodes
| TimingAttackAgainstSensitiveInfo.py:7:19:7:25 | ControlFlowNode for ImportMember | semmle.label | ControlFlowNode for ImportMember |
| TimingAttackAgainstSensitiveInfo.py:7:19:7:25 | GSSA Variable request | semmle.label | GSSA Variable request |
| TimingAttackAgainstSensitiveInfo.py:14:8:14:14 | ControlFlowNode for request | semmle.label | ControlFlowNode for request |
| TimingAttackAgainstSensitiveInfo.py:15:9:15:16 | SSA variable password | semmle.label | SSA variable password |
| TimingAttackAgainstSensitiveInfo.py:15:20:15:26 | ControlFlowNode for request | semmle.label | ControlFlowNode for request |
| TimingAttackAgainstSensitiveInfo.py:16:16:16:23 | ControlFlowNode for password | semmle.label | ControlFlowNode for password |
| TimingAttackAgainstSensitiveInfo.py:16:16:16:23 | ControlFlowNode for password | semmle.label | ControlFlowNode for password |
| TimingAttackAgainstSensitiveInfo.py:20:8:20:14 | ControlFlowNode for request | semmle.label | ControlFlowNode for request |
| TimingAttackAgainstSensitiveInfo.py:21:9:21:16 | SSA variable password | semmle.label | SSA variable password |
| TimingAttackAgainstSensitiveInfo.py:21:20:21:26 | ControlFlowNode for request | semmle.label | ControlFlowNode for request |
| TimingAttackAgainstSensitiveInfo.py:22:38:22:45 | ControlFlowNode for password | semmle.label | ControlFlowNode for password |
subpaths
#select
| TimingAttackAgainstSensitiveInfo.py:16:16:16:23 | ControlFlowNode for password | TimingAttackAgainstSensitiveInfo.py:16:16:16:23 | ControlFlowNode for password | TimingAttackAgainstSensitiveInfo.py:16:16:16:23 | ControlFlowNode for password | Timing attack against $@ validation. | TimingAttackAgainstSensitiveInfo.py:16:16:16:23 | ControlFlowNode for password | client-supplied token |
