edges
| argvLocal.c:13:27:13:30 | argv indirection | argvLocal.c:95:9:95:15 | access to array indirection |
| argvLocal.c:13:27:13:30 | argv indirection | argvLocal.c:96:15:96:21 | access to array indirection |
| argvLocal.c:13:27:13:30 | argv indirection | argvLocal.c:101:9:101:10 | i1 indirection |
| argvLocal.c:13:27:13:30 | argv indirection | argvLocal.c:102:15:102:16 | i1 indirection |
| argvLocal.c:13:27:13:30 | argv indirection | argvLocal.c:106:9:106:13 | access to array indirection |
| argvLocal.c:13:27:13:30 | argv indirection | argvLocal.c:107:15:107:19 | access to array indirection |
| argvLocal.c:13:27:13:30 | argv indirection | argvLocal.c:110:9:110:11 | * ... indirection |
| argvLocal.c:13:27:13:30 | argv indirection | argvLocal.c:111:15:111:17 | * ... indirection |
| argvLocal.c:13:27:13:30 | argv indirection | argvLocal.c:116:9:116:10 | i3 indirection |
| argvLocal.c:13:27:13:30 | argv indirection | argvLocal.c:117:15:117:16 | i3 indirection |
| argvLocal.c:13:27:13:30 | argv indirection | argvLocal.c:121:9:121:10 | i4 indirection |
| argvLocal.c:13:27:13:30 | argv indirection | argvLocal.c:122:15:122:16 | i4 indirection |
| argvLocal.c:13:27:13:30 | argv indirection | argvLocal.c:127:9:127:10 | i5 indirection |
| argvLocal.c:13:27:13:30 | argv indirection | argvLocal.c:128:15:128:16 | i5 indirection |
| argvLocal.c:13:27:13:30 | argv indirection | argvLocal.c:131:9:131:14 | ... + ... indirection |
| argvLocal.c:13:27:13:30 | argv indirection | argvLocal.c:132:15:132:20 | ... + ... indirection |
| argvLocal.c:13:27:13:30 | argv indirection | argvLocal.c:135:9:135:12 | ... ++ indirection |
| argvLocal.c:13:27:13:30 | argv indirection | argvLocal.c:135:9:135:12 | ... ++ indirection |
| argvLocal.c:13:27:13:30 | argv indirection | argvLocal.c:136:15:136:18 | -- ... indirection |
| argvLocal.c:13:27:13:30 | argv indirection | argvLocal.c:139:9:139:26 | ... ? ... : ... indirection |
| argvLocal.c:13:27:13:30 | argv indirection | argvLocal.c:140:15:140:32 | ... ? ... : ... indirection |
| argvLocal.c:13:27:13:30 | argv indirection | argvLocal.c:144:9:144:10 | i7 indirection |
| argvLocal.c:13:27:13:30 | argv indirection | argvLocal.c:145:15:145:16 | i7 indirection |
| argvLocal.c:13:27:13:30 | argv indirection | argvLocal.c:150:9:150:10 | i8 indirection |
| argvLocal.c:13:27:13:30 | argv indirection | argvLocal.c:151:15:151:16 | i8 indirection |
nodes
| argvLocal.c:13:27:13:30 | argv indirection | semmle.label | argv indirection |
| argvLocal.c:95:9:95:15 | access to array indirection | semmle.label | access to array indirection |
| argvLocal.c:96:15:96:21 | access to array indirection | semmle.label | access to array indirection |
| argvLocal.c:101:9:101:10 | i1 indirection | semmle.label | i1 indirection |
| argvLocal.c:102:15:102:16 | i1 indirection | semmle.label | i1 indirection |
| argvLocal.c:106:9:106:13 | access to array indirection | semmle.label | access to array indirection |
| argvLocal.c:107:15:107:19 | access to array indirection | semmle.label | access to array indirection |
| argvLocal.c:110:9:110:11 | * ... indirection | semmle.label | * ... indirection |
| argvLocal.c:111:15:111:17 | * ... indirection | semmle.label | * ... indirection |
| argvLocal.c:116:9:116:10 | i3 indirection | semmle.label | i3 indirection |
| argvLocal.c:117:15:117:16 | i3 indirection | semmle.label | i3 indirection |
| argvLocal.c:121:9:121:10 | i4 indirection | semmle.label | i4 indirection |
| argvLocal.c:122:15:122:16 | i4 indirection | semmle.label | i4 indirection |
| argvLocal.c:127:9:127:10 | i5 indirection | semmle.label | i5 indirection |
| argvLocal.c:128:15:128:16 | i5 indirection | semmle.label | i5 indirection |
| argvLocal.c:131:9:131:14 | ... + ... indirection | semmle.label | ... + ... indirection |
| argvLocal.c:132:15:132:20 | ... + ... indirection | semmle.label | ... + ... indirection |
| argvLocal.c:135:9:135:12 | ... ++ indirection | semmle.label | ... ++ indirection |
| argvLocal.c:135:9:135:12 | ... ++ indirection | semmle.label | ... ++ indirection |
| argvLocal.c:136:15:136:18 | -- ... indirection | semmle.label | -- ... indirection |
| argvLocal.c:139:9:139:26 | ... ? ... : ... indirection | semmle.label | ... ? ... : ... indirection |
| argvLocal.c:140:15:140:32 | ... ? ... : ... indirection | semmle.label | ... ? ... : ... indirection |
| argvLocal.c:144:9:144:10 | i7 indirection | semmle.label | i7 indirection |
| argvLocal.c:145:15:145:16 | i7 indirection | semmle.label | i7 indirection |
| argvLocal.c:150:9:150:10 | i8 indirection | semmle.label | i8 indirection |
| argvLocal.c:151:15:151:16 | i8 indirection | semmle.label | i8 indirection |
subpaths
#select
| argvLocal.c:95:9:95:15 | access to array indirection | argvLocal.c:13:27:13:30 | argv indirection | argvLocal.c:95:9:95:15 | access to array indirection | The value of this argument may come from $@ and is being used as a formatting argument to printf(format). | argvLocal.c:13:27:13:30 | argv indirection | a command-line argument |
| argvLocal.c:96:15:96:21 | access to array indirection | argvLocal.c:13:27:13:30 | argv indirection | argvLocal.c:96:15:96:21 | access to array indirection | The value of this argument may come from $@ and is being used as a formatting argument to printWrapper(correct), which calls printf(format). | argvLocal.c:13:27:13:30 | argv indirection | a command-line argument |
| argvLocal.c:101:9:101:10 | i1 indirection | argvLocal.c:13:27:13:30 | argv indirection | argvLocal.c:101:9:101:10 | i1 indirection | The value of this argument may come from $@ and is being used as a formatting argument to printf(format). | argvLocal.c:13:27:13:30 | argv indirection | a command-line argument |
| argvLocal.c:102:15:102:16 | i1 indirection | argvLocal.c:13:27:13:30 | argv indirection | argvLocal.c:102:15:102:16 | i1 indirection | The value of this argument may come from $@ and is being used as a formatting argument to printWrapper(correct), which calls printf(format). | argvLocal.c:13:27:13:30 | argv indirection | a command-line argument |
| argvLocal.c:106:9:106:13 | access to array indirection | argvLocal.c:13:27:13:30 | argv indirection | argvLocal.c:106:9:106:13 | access to array indirection | The value of this argument may come from $@ and is being used as a formatting argument to printf(format). | argvLocal.c:13:27:13:30 | argv indirection | a command-line argument |
| argvLocal.c:107:15:107:19 | access to array indirection | argvLocal.c:13:27:13:30 | argv indirection | argvLocal.c:107:15:107:19 | access to array indirection | The value of this argument may come from $@ and is being used as a formatting argument to printWrapper(correct), which calls printf(format). | argvLocal.c:13:27:13:30 | argv indirection | a command-line argument |
| argvLocal.c:110:9:110:11 | * ... indirection | argvLocal.c:13:27:13:30 | argv indirection | argvLocal.c:110:9:110:11 | * ... indirection | The value of this argument may come from $@ and is being used as a formatting argument to printf(format). | argvLocal.c:13:27:13:30 | argv indirection | a command-line argument |
| argvLocal.c:111:15:111:17 | * ... indirection | argvLocal.c:13:27:13:30 | argv indirection | argvLocal.c:111:15:111:17 | * ... indirection | The value of this argument may come from $@ and is being used as a formatting argument to printWrapper(correct), which calls printf(format). | argvLocal.c:13:27:13:30 | argv indirection | a command-line argument |
| argvLocal.c:116:9:116:10 | i3 indirection | argvLocal.c:13:27:13:30 | argv indirection | argvLocal.c:116:9:116:10 | i3 indirection | The value of this argument may come from $@ and is being used as a formatting argument to printf(format). | argvLocal.c:13:27:13:30 | argv indirection | a command-line argument |
| argvLocal.c:117:15:117:16 | i3 indirection | argvLocal.c:13:27:13:30 | argv indirection | argvLocal.c:117:15:117:16 | i3 indirection | The value of this argument may come from $@ and is being used as a formatting argument to printWrapper(correct), which calls printf(format). | argvLocal.c:13:27:13:30 | argv indirection | a command-line argument |
| argvLocal.c:121:9:121:10 | i4 indirection | argvLocal.c:13:27:13:30 | argv indirection | argvLocal.c:121:9:121:10 | i4 indirection | The value of this argument may come from $@ and is being used as a formatting argument to printf(format). | argvLocal.c:13:27:13:30 | argv indirection | a command-line argument |
| argvLocal.c:122:15:122:16 | i4 indirection | argvLocal.c:13:27:13:30 | argv indirection | argvLocal.c:122:15:122:16 | i4 indirection | The value of this argument may come from $@ and is being used as a formatting argument to printWrapper(correct), which calls printf(format). | argvLocal.c:13:27:13:30 | argv indirection | a command-line argument |
| argvLocal.c:127:9:127:10 | i5 indirection | argvLocal.c:13:27:13:30 | argv indirection | argvLocal.c:127:9:127:10 | i5 indirection | The value of this argument may come from $@ and is being used as a formatting argument to printf(format). | argvLocal.c:13:27:13:30 | argv indirection | a command-line argument |
| argvLocal.c:128:15:128:16 | i5 indirection | argvLocal.c:13:27:13:30 | argv indirection | argvLocal.c:128:15:128:16 | i5 indirection | The value of this argument may come from $@ and is being used as a formatting argument to printWrapper(correct), which calls printf(format). | argvLocal.c:13:27:13:30 | argv indirection | a command-line argument |
| argvLocal.c:131:9:131:14 | ... + ... indirection | argvLocal.c:13:27:13:30 | argv indirection | argvLocal.c:131:9:131:14 | ... + ... indirection | The value of this argument may come from $@ and is being used as a formatting argument to printf(format). | argvLocal.c:13:27:13:30 | argv indirection | a command-line argument |
| argvLocal.c:132:15:132:20 | ... + ... indirection | argvLocal.c:13:27:13:30 | argv indirection | argvLocal.c:132:15:132:20 | ... + ... indirection | The value of this argument may come from $@ and is being used as a formatting argument to printWrapper(correct), which calls printf(format). | argvLocal.c:13:27:13:30 | argv indirection | a command-line argument |
| argvLocal.c:135:9:135:12 | ... ++ indirection | argvLocal.c:13:27:13:30 | argv indirection | argvLocal.c:135:9:135:12 | ... ++ indirection | The value of this argument may come from $@ and is being used as a formatting argument to printf(format). | argvLocal.c:13:27:13:30 | argv indirection | a command-line argument |
| argvLocal.c:135:9:135:12 | ... ++ indirection | argvLocal.c:13:27:13:30 | argv indirection | argvLocal.c:135:9:135:12 | ... ++ indirection | The value of this argument may come from $@ and is being used as a formatting argument to printf(format). | argvLocal.c:13:27:13:30 | argv indirection | a command-line argument |
| argvLocal.c:136:15:136:18 | -- ... indirection | argvLocal.c:13:27:13:30 | argv indirection | argvLocal.c:136:15:136:18 | -- ... indirection | The value of this argument may come from $@ and is being used as a formatting argument to printWrapper(correct), which calls printf(format). | argvLocal.c:13:27:13:30 | argv indirection | a command-line argument |
| argvLocal.c:139:9:139:26 | ... ? ... : ... indirection | argvLocal.c:13:27:13:30 | argv indirection | argvLocal.c:139:9:139:26 | ... ? ... : ... indirection | The value of this argument may come from $@ and is being used as a formatting argument to printf(format). | argvLocal.c:13:27:13:30 | argv indirection | a command-line argument |
| argvLocal.c:140:15:140:32 | ... ? ... : ... indirection | argvLocal.c:13:27:13:30 | argv indirection | argvLocal.c:140:15:140:32 | ... ? ... : ... indirection | The value of this argument may come from $@ and is being used as a formatting argument to printWrapper(correct), which calls printf(format). | argvLocal.c:13:27:13:30 | argv indirection | a command-line argument |
| argvLocal.c:144:9:144:10 | i7 indirection | argvLocal.c:13:27:13:30 | argv indirection | argvLocal.c:144:9:144:10 | i7 indirection | The value of this argument may come from $@ and is being used as a formatting argument to printf(format). | argvLocal.c:13:27:13:30 | argv indirection | a command-line argument |
| argvLocal.c:145:15:145:16 | i7 indirection | argvLocal.c:13:27:13:30 | argv indirection | argvLocal.c:145:15:145:16 | i7 indirection | The value of this argument may come from $@ and is being used as a formatting argument to printWrapper(correct), which calls printf(format). | argvLocal.c:13:27:13:30 | argv indirection | a command-line argument |
| argvLocal.c:150:9:150:10 | i8 indirection | argvLocal.c:13:27:13:30 | argv indirection | argvLocal.c:150:9:150:10 | i8 indirection | The value of this argument may come from $@ and is being used as a formatting argument to printf(format). | argvLocal.c:13:27:13:30 | argv indirection | a command-line argument |
| argvLocal.c:151:15:151:16 | i8 indirection | argvLocal.c:13:27:13:30 | argv indirection | argvLocal.c:151:15:151:16 | i8 indirection | The value of this argument may come from $@ and is being used as a formatting argument to printWrapper(correct), which calls printf(format). | argvLocal.c:13:27:13:30 | argv indirection | a command-line argument |
