edges
| globalVars.c:8:7:8:10 | copy indirection | globalVars.c:27:9:27:12 | copy indirection |
| globalVars.c:8:7:8:10 | copy indirection | globalVars.c:30:15:30:18 | copy indirection |
| globalVars.c:8:7:8:10 | copy indirection | globalVars.c:35:11:35:14 | copy indirection |
| globalVars.c:9:7:9:11 | copy2 indirection | globalVars.c:38:9:38:13 | copy2 indirection |
| globalVars.c:9:7:9:11 | copy2 indirection | globalVars.c:41:15:41:19 | copy2 indirection |
| globalVars.c:9:7:9:11 | copy2 indirection | globalVars.c:50:9:50:13 | copy2 indirection |
| globalVars.c:11:22:11:25 | argv indirection | globalVars.c:8:7:8:10 | copy indirection |
| globalVars.c:15:21:15:23 | val indirection | globalVars.c:9:7:9:11 | copy2 indirection |
| globalVars.c:23:27:23:30 | argv indirection | globalVars.c:24:11:24:14 | argv indirection |
| globalVars.c:24:11:24:14 | argv indirection | globalVars.c:11:22:11:25 | argv indirection |
| globalVars.c:35:11:35:14 | copy indirection | globalVars.c:15:21:15:23 | val indirection |
nodes
| globalVars.c:8:7:8:10 | copy indirection | semmle.label | copy indirection |
| globalVars.c:9:7:9:11 | copy2 indirection | semmle.label | copy2 indirection |
| globalVars.c:11:22:11:25 | argv indirection | semmle.label | argv indirection |
| globalVars.c:15:21:15:23 | val indirection | semmle.label | val indirection |
| globalVars.c:23:27:23:30 | argv indirection | semmle.label | argv indirection |
| globalVars.c:24:11:24:14 | argv indirection | semmle.label | argv indirection |
| globalVars.c:27:9:27:12 | copy indirection | semmle.label | copy indirection |
| globalVars.c:30:15:30:18 | copy indirection | semmle.label | copy indirection |
| globalVars.c:35:11:35:14 | copy indirection | semmle.label | copy indirection |
| globalVars.c:38:9:38:13 | copy2 indirection | semmle.label | copy2 indirection |
| globalVars.c:41:15:41:19 | copy2 indirection | semmle.label | copy2 indirection |
| globalVars.c:50:9:50:13 | copy2 indirection | semmle.label | copy2 indirection |
subpaths
#select
| globalVars.c:27:9:27:12 | copy indirection | globalVars.c:23:27:23:30 | argv indirection | globalVars.c:27:9:27:12 | copy indirection | The value of this argument may come from $@ and is being used as a formatting argument to printf(format). | globalVars.c:23:27:23:30 | argv indirection | a command-line argument |
| globalVars.c:30:15:30:18 | copy indirection | globalVars.c:23:27:23:30 | argv indirection | globalVars.c:30:15:30:18 | copy indirection | The value of this argument may come from $@ and is being used as a formatting argument to printWrapper(str), which calls printf(format). | globalVars.c:23:27:23:30 | argv indirection | a command-line argument |
| globalVars.c:38:9:38:13 | copy2 indirection | globalVars.c:23:27:23:30 | argv indirection | globalVars.c:38:9:38:13 | copy2 indirection | The value of this argument may come from $@ and is being used as a formatting argument to printf(format). | globalVars.c:23:27:23:30 | argv indirection | a command-line argument |
| globalVars.c:41:15:41:19 | copy2 indirection | globalVars.c:23:27:23:30 | argv indirection | globalVars.c:41:15:41:19 | copy2 indirection | The value of this argument may come from $@ and is being used as a formatting argument to printWrapper(str), which calls printf(format). | globalVars.c:23:27:23:30 | argv indirection | a command-line argument |
| globalVars.c:50:9:50:13 | copy2 indirection | globalVars.c:23:27:23:30 | argv indirection | globalVars.c:50:9:50:13 | copy2 indirection | The value of this argument may come from $@ and is being used as a formatting argument to printf(format). | globalVars.c:23:27:23:30 | argv indirection | a command-line argument |
