edges
| tests.c:16:26:16:29 | argv indirection | tests.c:28:22:28:28 | access to array indirection |
| tests.c:16:26:16:29 | argv indirection | tests.c:29:28:29:34 | access to array indirection |
| tests.c:16:26:16:29 | argv indirection | tests.c:34:10:34:16 | access to array indirection |
nodes
| tests.c:16:26:16:29 | argv indirection | semmle.label | argv indirection |
| tests.c:28:22:28:28 | access to array indirection | semmle.label | access to array indirection |
| tests.c:29:28:29:34 | access to array indirection | semmle.label | access to array indirection |
| tests.c:31:15:31:23 | scanf output argument | semmle.label | scanf output argument |
| tests.c:33:21:33:29 | scanf output argument | semmle.label | scanf output argument |
| tests.c:34:10:34:16 | access to array indirection | semmle.label | access to array indirection |
subpaths
#select
| tests.c:28:3:28:9 | call to sprintf | tests.c:16:26:16:29 | argv indirection | tests.c:28:22:28:28 | access to array indirection | This 'call to sprintf' with input from $@ may overflow the destination. | tests.c:16:26:16:29 | argv indirection | a command-line argument |
| tests.c:29:3:29:9 | call to sprintf | tests.c:16:26:16:29 | argv indirection | tests.c:29:28:29:34 | access to array indirection | This 'call to sprintf' with input from $@ may overflow the destination. | tests.c:16:26:16:29 | argv indirection | a command-line argument |
| tests.c:31:15:31:23 | buffer100 | tests.c:31:15:31:23 | scanf output argument | tests.c:31:15:31:23 | scanf output argument | This 'scanf string argument' with input from $@ may overflow the destination. | tests.c:31:15:31:23 | scanf output argument | value read by scanf |
| tests.c:33:21:33:29 | buffer100 | tests.c:33:21:33:29 | scanf output argument | tests.c:33:21:33:29 | scanf output argument | This 'scanf string argument' with input from $@ may overflow the destination. | tests.c:33:21:33:29 | scanf output argument | value read by scanf |
| tests.c:34:25:34:33 | buffer100 | tests.c:16:26:16:29 | argv indirection | tests.c:34:10:34:16 | access to array indirection | This 'sscanf string argument' with input from $@ may overflow the destination. | tests.c:16:26:16:29 | argv indirection | a command-line argument |
