| java/io/File.java:4:9:4:17 | compareTo | known non-sink\nrelated locations: $@, $@.\nmetadata: $@, $@, $@, $@, $@, $@, $@. | java/io/File.java:4:9:4:17 | compareTo | MethodDoc | java/io/File.java:4:9:4:17 | compareTo | ClassDoc | file://java.io:1:1:1:1 | java.io | package | file://File:1:1:1:1 | File | type | file://true:1:1:1:1 | true | subtypes | file://compareTo:1:1:1:1 | compareTo | name | file://(File):1:1:1:1 | (File) | signature | file://Argument[this]:1:1:1:1 | Argument[this] | input | file://this:1:1:1:1 | this | parameterName |
| java/io/File.java:5:9:5:21 | pathname | known non-sink\nrelated locations: $@, $@.\nmetadata: $@, $@, $@, $@, $@, $@, $@. | java/io/File.java:5:9:5:21 | pathname | MethodDoc | java/io/File.java:5:9:5:21 | pathname | ClassDoc | file://java.io:1:1:1:1 | java.io | package | file://File:1:1:1:1 | File | type | file://true:1:1:1:1 | true | subtypes | file://compareTo:1:1:1:1 | compareTo | name | file://(File):1:1:1:1 | (File) | signature | file://Argument[0]:1:1:1:1 | Argument[0] | input | file://pathname:1:1:1:1 | pathname | parameterName |
