| com/github/codeql/test/PublicClass.java:4:15:4:19 | stuff | command-injection, path-injection, request-forgery, sql-injection\nrelated locations: $@, $@.\nmetadata: $@, $@, $@, $@, $@, $@, $@, $@. | com/github/codeql/test/PublicClass.java:4:15:4:19 | stuff | MethodDoc | com/github/codeql/test/PublicClass.java:4:15:4:19 | stuff | ClassDoc | file://com.github.codeql.test:1:1:1:1 | com.github.codeql.test | package | file://PublicClass:1:1:1:1 | PublicClass | type | file://true:1:1:1:1 | true | subtypes | file://stuff:1:1:1:1 | stuff | name | file://(String):1:1:1:1 | (String) | signature | file://Argument[this]:1:1:1:1 | Argument[this] | input | file://this:1:1:1:1 | this | parameterName | file://:1:1:1:1 |  | alreadyAiModeled |
| com/github/codeql/test/PublicClass.java:4:21:4:30 | arg | command-injection, path-injection, request-forgery, sql-injection\nrelated locations: $@, $@.\nmetadata: $@, $@, $@, $@, $@, $@, $@, $@. | com/github/codeql/test/PublicClass.java:4:21:4:30 | arg | MethodDoc | com/github/codeql/test/PublicClass.java:4:21:4:30 | arg | ClassDoc | file://com.github.codeql.test:1:1:1:1 | com.github.codeql.test | package | file://PublicClass:1:1:1:1 | PublicClass | type | file://true:1:1:1:1 | true | subtypes | file://stuff:1:1:1:1 | stuff | name | file://(String):1:1:1:1 | (String) | signature | file://Argument[0]:1:1:1:1 | Argument[0] | input | file://arg:1:1:1:1 | arg | parameterName | file://:1:1:1:1 |  | alreadyAiModeled |
| com/github/codeql/test/PublicClass.java:8:34:8:43 | arg | command-injection, path-injection, request-forgery, sql-injection\nrelated locations: $@, $@.\nmetadata: $@, $@, $@, $@, $@, $@, $@, $@. | com/github/codeql/test/PublicClass.java:8:34:8:43 | arg | MethodDoc | com/github/codeql/test/PublicClass.java:8:34:8:43 | arg | ClassDoc | file://com.github.codeql.test:1:1:1:1 | com.github.codeql.test | package | file://PublicClass:1:1:1:1 | PublicClass | type | file://false:1:1:1:1 | false | subtypes | file://staticStuff:1:1:1:1 | staticStuff | name | file://(String):1:1:1:1 | (String) | signature | file://Argument[0]:1:1:1:1 | Argument[0] | input | file://arg:1:1:1:1 | arg | parameterName | file://:1:1:1:1 |  | alreadyAiModeled |
| com/github/codeql/test/PublicInterface.java:4:17:4:21 | stuff | command-injection, path-injection, request-forgery, sql-injection\nrelated locations: $@, $@.\nmetadata: $@, $@, $@, $@, $@, $@, $@, $@. | com/github/codeql/test/PublicInterface.java:4:17:4:21 | stuff | MethodDoc | com/github/codeql/test/PublicInterface.java:4:17:4:21 | stuff | ClassDoc | file://com.github.codeql.test:1:1:1:1 | com.github.codeql.test | package | file://PublicInterface:1:1:1:1 | PublicInterface | type | file://true:1:1:1:1 | true | subtypes | file://stuff:1:1:1:1 | stuff | name | file://(String):1:1:1:1 | (String) | signature | file://Argument[this]:1:1:1:1 | Argument[this] | input | file://this:1:1:1:1 | this | parameterName | file://:1:1:1:1 |  | alreadyAiModeled |
| com/github/codeql/test/PublicInterface.java:4:23:4:32 | arg | command-injection, path-injection, request-forgery, sql-injection\nrelated locations: $@, $@.\nmetadata: $@, $@, $@, $@, $@, $@, $@, $@. | com/github/codeql/test/PublicInterface.java:4:23:4:32 | arg | MethodDoc | com/github/codeql/test/PublicInterface.java:4:23:4:32 | arg | ClassDoc | file://com.github.codeql.test:1:1:1:1 | com.github.codeql.test | package | file://PublicInterface:1:1:1:1 | PublicInterface | type | file://true:1:1:1:1 | true | subtypes | file://stuff:1:1:1:1 | stuff | name | file://(String):1:1:1:1 | (String) | signature | file://Argument[0]:1:1:1:1 | Argument[0] | input | file://arg:1:1:1:1 | arg | parameterName | file://:1:1:1:1 |  | alreadyAiModeled |
| com/github/codeql/test/PublicInterface.java:6:36:6:45 | arg | command-injection, path-injection, request-forgery, sql-injection\nrelated locations: $@, $@.\nmetadata: $@, $@, $@, $@, $@, $@, $@, $@. | com/github/codeql/test/PublicInterface.java:6:36:6:45 | arg | MethodDoc | com/github/codeql/test/PublicInterface.java:6:36:6:45 | arg | ClassDoc | file://com.github.codeql.test:1:1:1:1 | com.github.codeql.test | package | file://PublicInterface:1:1:1:1 | PublicInterface | type | file://false:1:1:1:1 | false | subtypes | file://staticStuff:1:1:1:1 | staticStuff | name | file://(String):1:1:1:1 | (String) | signature | file://Argument[0]:1:1:1:1 | Argument[0] | input | file://arg:1:1:1:1 | arg | parameterName | file://:1:1:1:1 |  | alreadyAiModeled |
| java/nio/file/Files.java:14:9:14:24 | out | command-injection, path-injection, request-forgery, sql-injection\nrelated locations: $@, $@.\nmetadata: $@, $@, $@, $@, $@, $@, $@, $@. | java/nio/file/Files.java:14:9:14:24 | out | MethodDoc | java/nio/file/Files.java:14:9:14:24 | out | ClassDoc | file://java.nio.file:1:1:1:1 | java.nio.file | package | file://Files:1:1:1:1 | Files | type | file://false:1:1:1:1 | false | subtypes | file://copy:1:1:1:1 | copy | name | file://(Path,OutputStream):1:1:1:1 | (Path,OutputStream) | signature | file://Argument[1]:1:1:1:1 | Argument[1] | input | file://out:1:1:1:1 | out | parameterName | file://:1:1:1:1 |  | alreadyAiModeled |
| java/nio/file/Files.java:25:9:25:21 | openPath | command-injection, request-forgery, sql-injection\nrelated locations: $@, $@.\nmetadata: $@, $@, $@, $@, $@, $@, $@, $@. | java/nio/file/Files.java:25:9:25:21 | openPath | MethodDoc | java/nio/file/Files.java:25:9:25:21 | openPath | ClassDoc | file://java.nio.file:1:1:1:1 | java.nio.file | package | file://Files:1:1:1:1 | Files | type | file://false:1:1:1:1 | false | subtypes | file://newInputStream:1:1:1:1 | newInputStream | name | file://(Path,OpenOption[]):1:1:1:1 | (Path,OpenOption[]) | signature | file://Argument[0]:1:1:1:1 | Argument[0] | input | file://openPath:1:1:1:1 | openPath | parameterName | file://ai-manual:1:1:1:1 | ai-manual | alreadyAiModeled |
| java/nio/file/Files.java:26:9:26:29 | options | command-injection, path-injection, request-forgery, sql-injection\nrelated locations: $@, $@.\nmetadata: $@, $@, $@, $@, $@, $@, $@, $@. | java/nio/file/Files.java:26:9:26:29 | options | MethodDoc | java/nio/file/Files.java:26:9:26:29 | options | ClassDoc | file://java.nio.file:1:1:1:1 | java.nio.file | package | file://Files:1:1:1:1 | Files | type | file://false:1:1:1:1 | false | subtypes | file://newInputStream:1:1:1:1 | newInputStream | name | file://(Path,OpenOption[]):1:1:1:1 | (Path,OpenOption[]) | signature | file://Argument[1]:1:1:1:1 | Argument[1] | input | file://options:1:1:1:1 | options | parameterName | file://:1:1:1:1 |  | alreadyAiModeled |
