| Test.java:48:10:50:3 | compareTo(...) | known sanitizer\nrelated locations: $@, $@, $@.\nmetadata: $@, $@, $@, $@, $@, $@, $@, $@, $@. | Test.java:48:10:50:3 | compareTo(...) | CallContext | Test.java:48:10:50:3 | compareTo(...) | MethodDoc | Test.java:48:10:50:3 | compareTo(...) | ClassDoc | file://java.io:1:1:1:1 | java.io | package | file://File:1:1:1:1 | File | type | file://true:1:1:1:1 | true | subtypes | file://compareTo:1:1:1:1 | compareTo | name | file://(File):1:1:1:1 | (File) | signature | file://:1:1:1:1 |  | input | file://ReturnValue:1:1:1:1 | ReturnValue | output | file://false:1:1:1:1 | false | isVarargsArray | file://sourceModel:1:1:1:1 | sourceModel | extensibleType |
| Test.java:49:4:49:5 | f2 | known non-sink\nrelated locations: $@, $@, $@.\nmetadata: $@, $@, $@, $@, $@, $@, $@, $@, $@. | Test.java:48:10:50:3 | compareTo(...) | CallContext | Test.java:49:4:49:5 | f2 | MethodDoc | Test.java:49:4:49:5 | f2 | ClassDoc | file://java.io:1:1:1:1 | java.io | package | file://File:1:1:1:1 | File | type | file://true:1:1:1:1 | true | subtypes | file://compareTo:1:1:1:1 | compareTo | name | file://(File):1:1:1:1 | (File) | signature | file://Argument[0]:1:1:1:1 | Argument[0] | input | file://:1:1:1:1 |  | output | file://false:1:1:1:1 | false | isVarargsArray | file://sinkModel:1:1:1:1 | sinkModel | extensibleType |
| Test.java:55:4:55:4 | p | taint step\nrelated locations: $@, $@, $@.\nmetadata: $@, $@, $@, $@, $@, $@, $@, $@, $@. | Test.java:54:3:59:3 | walk(...) | CallContext | Test.java:55:4:55:4 | p | MethodDoc | Test.java:55:4:55:4 | p | ClassDoc | file://java.nio.file:1:1:1:1 | java.nio.file | package | file://Files:1:1:1:1 | Files | type | file://false:1:1:1:1 | false | subtypes | file://walk:1:1:1:1 | walk | name | file://(Path,FileVisitOption[]):1:1:1:1 | (Path,FileVisitOption[]) | signature | file://Argument[0]:1:1:1:1 | Argument[0] | input | file://:1:1:1:1 |  | output | file://false:1:1:1:1 | false | isVarargsArray | file://sinkModel:1:1:1:1 | sinkModel | extensibleType |
