| Test.java:26:4:26:9 | source | path-injection\nrelated locations: $@.\nmetadata: $@, $@, $@, $@, $@, $@, $@. | Test.java:25:3:29:3 | copy(...) | CallContext | file://java.nio.file:1:1:1:1 | java.nio.file | package | file://Files:1:1:1:1 | Files | type | file://false:1:1:1:1 | false | subtypes | file://copy:1:1:1:1 | copy | name | file://(Path,Path,CopyOption[]):1:1:1:1 | (Path,Path,CopyOption[]) | signature | file://Argument[0]:1:1:1:1 | Argument[0] | input | file://false:1:1:1:1 | false | isVarargsArray |
| Test.java:27:4:27:9 | target | path-injection\nrelated locations: $@.\nmetadata: $@, $@, $@, $@, $@, $@, $@. | Test.java:25:3:29:3 | copy(...) | CallContext | file://java.nio.file:1:1:1:1 | java.nio.file | package | file://Files:1:1:1:1 | Files | type | file://false:1:1:1:1 | false | subtypes | file://copy:1:1:1:1 | copy | name | file://(Path,Path,CopyOption[]):1:1:1:1 | (Path,Path,CopyOption[]) | signature | file://Argument[1]:1:1:1:1 | Argument[1] | input | file://false:1:1:1:1 | false | isVarargsArray |
| Test.java:34:4:34:11 | openPath | path-injection\nrelated locations: $@.\nmetadata: $@, $@, $@, $@, $@, $@, $@. | Test.java:33:10:35:3 | newInputStream(...) | CallContext | file://java.nio.file:1:1:1:1 | java.nio.file | package | file://Files:1:1:1:1 | Files | type | file://false:1:1:1:1 | false | subtypes | file://newInputStream:1:1:1:1 | newInputStream | name | file://(Path,OpenOption[]):1:1:1:1 | (Path,OpenOption[]) | signature | file://Argument[0]:1:1:1:1 | Argument[0] | input | file://false:1:1:1:1 | false | isVarargsArray |
